co/com/ath/automation/features/steps/CrearGirator/CrearGiratorRequest.class
co/com/ath/automation/features/steps/Authentication/AuthenticationStepsDefinition.class
co/com/ath/automation/features/steps/CrearGirator/CrearGiratorAssertion.class
co/com/ath/automation/features/steps/signature/SignatureStepsDefinition.class
co/com/ath/automation/features/steps/Authentication/AuthenticationRequests.class
co/com/ath/automation/features/steps/Deceval/DecevalStepDefinition.class
co/com/ath/automation/features/steps/Authentication/AuthenticationAssertions.class
co/com/ath/automation/features/steps/signature/SignatureAssertions.class
co/com/ath/automation/features/steps/FirmaPagareDeceval/FirmaPagareDecevalRequest.class
co/com/ath/automation/features/steps/FirmaPagareDeceval/FirmaPagareDecevalStepDefinition.class
co/com/ath/automation/features/Runner.class
co/com/ath/automation/features/steps/FirmaPagareDeceval/FirmaPagareDecevalAssertion.class
co/com/ath/automation/features/steps/Deceval/DecevalRequest.class
co/com/ath/automation/features/steps/Deceval/DecevalAssertion.class
co/com/ath/automation/features/steps/CrearGirator/CrearGiratorStepDefinition.class
co/com/ath/automation/utils/AssertionsUtil.class
co/com/ath/automation/features/steps/signature/SignatureRequests.class
